line y=4.00000x+5.00000
line y=1.00000x+1.00000
segment y=4.00000x+5.00000 with x in [-5.00000,5.00000]
segment x=0.00000 with y in [-2.00000,2.00000]
[[0.00000,1.00000]]
2.91043
4.00000
[5.53553,6.53553]
[0.00000,1.00000]
[[-5.00000,-15.00000], [5.00000,25.00000]]
[0.00000,5.00000]
False
0.00000
0.00000
1.00000
